<?xml version="1.0" encoding="ISO-8859-1" ?>
<link_info>
   <banner>MSP430 Linker PC v18.1.4.LTS</banner>
   <copyright>Copyright (c) 2003-2018 Texas Instruments Incorporated</copyright>
   <link_time>0x5d2b7414</link_time>
   <link_errors>0x0</link_errors>
   <output_file>298_.out</output_file>
   <entry_point>
      <name>_c_int00_noargs</name>
      <address>0xdfe8</address>
   </entry_point>
   <input_file_list>
      <input_file id="fl-2">
         <path>.\</path>
         <kind>object</kind>
         <file>hal_LCD.obj</file>
         <name>hal_LCD.obj</name>
      </input_file>
      <input_file id="fl-3">
         <path>.\</path>
         <kind>object</kind>
         <file>main.obj</file>
         <name>main.obj</name>
      </input_file>
      <input_file id="fl-4">
         <path>.\driverlib\MSP430FR2xx_4xx\</path>
         <kind>object</kind>
         <file>adc.obj</file>
         <name>adc.obj</name>
      </input_file>
      <input_file id="fl-5">
         <path>.\driverlib\MSP430FR2xx_4xx\</path>
         <kind>object</kind>
         <file>crc.obj</file>
         <name>crc.obj</name>
      </input_file>
      <input_file id="fl-6">
         <path>.\driverlib\MSP430FR2xx_4xx\</path>
         <kind>object</kind>
         <file>cs.obj</file>
         <name>cs.obj</name>
      </input_file>
      <input_file id="fl-7">
         <path>.\driverlib\MSP430FR2xx_4xx\</path>
         <kind>object</kind>
         <file>ecomp.obj</file>
         <name>ecomp.obj</name>
      </input_file>
      <input_file id="fl-8">
         <path>.\driverlib\MSP430FR2xx_4xx\</path>
         <kind>object</kind>
         <file>eusci_a_spi.obj</file>
         <name>eusci_a_spi.obj</name>
      </input_file>
      <input_file id="fl-9">
         <path>.\driverlib\MSP430FR2xx_4xx\</path>
         <kind>object</kind>
         <file>eusci_a_uart.obj</file>
         <name>eusci_a_uart.obj</name>
      </input_file>
      <input_file id="fl-a">
         <path>.\driverlib\MSP430FR2xx_4xx\</path>
         <kind>object</kind>
         <file>eusci_b_i2c.obj</file>
         <name>eusci_b_i2c.obj</name>
      </input_file>
      <input_file id="fl-b">
         <path>.\driverlib\MSP430FR2xx_4xx\</path>
         <kind>object</kind>
         <file>eusci_b_spi.obj</file>
         <name>eusci_b_spi.obj</name>
      </input_file>
      <input_file id="fl-c">
         <path>.\driverlib\MSP430FR2xx_4xx\</path>
         <kind>object</kind>
         <file>framctl.obj</file>
         <name>framctl.obj</name>
      </input_file>
      <input_file id="fl-d">
         <path>.\driverlib\MSP430FR2xx_4xx\</path>
         <kind>object</kind>
         <file>gpio.obj</file>
         <name>gpio.obj</name>
      </input_file>
      <input_file id="fl-e">
         <path>.\driverlib\MSP430FR2xx_4xx\</path>
         <kind>object</kind>
         <file>icc.obj</file>
         <name>icc.obj</name>
      </input_file>
      <input_file id="fl-f">
         <path>.\driverlib\MSP430FR2xx_4xx\</path>
         <kind>object</kind>
         <file>lcd_e.obj</file>
         <name>lcd_e.obj</name>
      </input_file>
      <input_file id="fl-10">
         <path>.\driverlib\MSP430FR2xx_4xx\</path>
         <kind>object</kind>
         <file>mpy32.obj</file>
         <name>mpy32.obj</name>
      </input_file>
      <input_file id="fl-11">
         <path>.\driverlib\MSP430FR2xx_4xx\</path>
         <kind>object</kind>
         <file>pmm.obj</file>
         <name>pmm.obj</name>
      </input_file>
      <input_file id="fl-12">
         <path>.\driverlib\MSP430FR2xx_4xx\</path>
         <kind>object</kind>
         <file>rtc.obj</file>
         <name>rtc.obj</name>
      </input_file>
      <input_file id="fl-13">
         <path>.\driverlib\MSP430FR2xx_4xx\</path>
         <kind>object</kind>
         <file>sac.obj</file>
         <name>sac.obj</name>
      </input_file>
      <input_file id="fl-14">
         <path>.\driverlib\MSP430FR2xx_4xx\</path>
         <kind>object</kind>
         <file>sfr.obj</file>
         <name>sfr.obj</name>
      </input_file>
      <input_file id="fl-15">
         <path>.\driverlib\MSP430FR2xx_4xx\</path>
         <kind>object</kind>
         <file>sysctl.obj</file>
         <name>sysctl.obj</name>
      </input_file>
      <input_file id="fl-16">
         <path>.\driverlib\MSP430FR2xx_4xx\</path>
         <kind>object</kind>
         <file>tia.obj</file>
         <name>tia.obj</name>
      </input_file>
      <input_file id="fl-17">
         <path>.\driverlib\MSP430FR2xx_4xx\</path>
         <kind>object</kind>
         <file>timer_a.obj</file>
         <name>timer_a.obj</name>
      </input_file>
      <input_file id="fl-18">
         <path>.\driverlib\MSP430FR2xx_4xx\</path>
         <kind>object</kind>
         <file>timer_b.obj</file>
         <name>timer_b.obj</name>
      </input_file>
      <input_file id="fl-19">
         <path>.\driverlib\MSP430FR2xx_4xx\</path>
         <kind>object</kind>
         <file>tlv.obj</file>
         <name>tlv.obj</name>
      </input_file>
      <input_file id="fl-1a">
         <path>.\driverlib\MSP430FR2xx_4xx\</path>
         <kind>object</kind>
         <file>wdt_a.obj</file>
         <name>wdt_a.obj</name>
      </input_file>
      <input_file id="fl-1f">
         <kind>object</kind>
         <file>&lt;internal&gt;</file>
         <name>&lt;internal&gt;</name>
      </input_file>
      <input_file id="fl-35">
         <path>C:\Software\ccs83\ccsv8\tools\compiler\ti-cgt-msp430_18.1.4.LTS\lib\</path>
         <kind>archive</kind>
         <file>rts430x_lc_sd_eabi.lib</file>
         <name>div16s.asm.obj</name>
      </input_file>
      <input_file id="fl-36">
         <path>C:\Software\ccs83\ccsv8\tools\compiler\ti-cgt-msp430_18.1.4.LTS\lib\</path>
         <kind>archive</kind>
         <file>rts430x_lc_sd_eabi.lib</file>
         <name>div16u.asm.obj</name>
      </input_file>
      <input_file id="fl-37">
         <path>C:\Software\ccs83\ccsv8\tools\compiler\ti-cgt-msp430_18.1.4.LTS\lib\</path>
         <kind>archive</kind>
         <file>rts430x_lc_sd_eabi.lib</file>
         <name>div32s.asm.obj</name>
      </input_file>
      <input_file id="fl-38">
         <path>C:\Software\ccs83\ccsv8\tools\compiler\ti-cgt-msp430_18.1.4.LTS\lib\</path>
         <kind>archive</kind>
         <file>rts430x_lc_sd_eabi.lib</file>
         <name>div32u.asm.obj</name>
      </input_file>
      <input_file id="fl-39">
         <path>C:\Software\ccs83\ccsv8\tools\compiler\ti-cgt-msp430_18.1.4.LTS\lib\</path>
         <kind>archive</kind>
         <file>rts430x_lc_sd_eabi.lib</file>
         <name>int45.asm.obj</name>
      </input_file>
      <input_file id="fl-3a">
         <path>C:\Software\ccs83\ccsv8\tools\compiler\ti-cgt-msp430_18.1.4.LTS\lib\</path>
         <kind>archive</kind>
         <file>rts430x_lc_sd_eabi.lib</file>
         <name>int49.asm.obj</name>
      </input_file>
      <input_file id="fl-3b">
         <path>C:\Software\ccs83\ccsv8\tools\compiler\ti-cgt-msp430_18.1.4.LTS\lib\</path>
         <kind>archive</kind>
         <file>rts430x_lc_sd_eabi.lib</file>
         <name>int51.asm.obj</name>
      </input_file>
      <input_file id="fl-3c">
         <path>C:\Software\ccs83\ccsv8\tools\compiler\ti-cgt-msp430_18.1.4.LTS\lib\</path>
         <kind>archive</kind>
         <file>rts430x_lc_sd_eabi.lib</file>
         <name>int52.asm.obj</name>
      </input_file>
      <input_file id="fl-3d">
         <path>C:\Software\ccs83\ccsv8\tools\compiler\ti-cgt-msp430_18.1.4.LTS\lib\</path>
         <kind>archive</kind>
         <file>rts430x_lc_sd_eabi.lib</file>
         <name>int53.asm.obj</name>
      </input_file>
      <input_file id="fl-3e">
         <path>C:\Software\ccs83\ccsv8\tools\compiler\ti-cgt-msp430_18.1.4.LTS\lib\</path>
         <kind>archive</kind>
         <file>rts430x_lc_sd_eabi.lib</file>
         <name>int54.asm.obj</name>
      </input_file>
      <input_file id="fl-3f">
         <path>C:\Software\ccs83\ccsv8\tools\compiler\ti-cgt-msp430_18.1.4.LTS\lib\</path>
         <kind>archive</kind>
         <file>rts430x_lc_sd_eabi.lib</file>
         <name>int55.asm.obj</name>
      </input_file>
      <input_file id="fl-40">
         <path>C:\Software\ccs83\ccsv8\tools\compiler\ti-cgt-msp430_18.1.4.LTS\lib\</path>
         <kind>archive</kind>
         <file>rts430x_lc_sd_eabi.lib</file>
         <name>int56.asm.obj</name>
      </input_file>
      <input_file id="fl-41">
         <path>C:\Software\ccs83\ccsv8\tools\compiler\ti-cgt-msp430_18.1.4.LTS\lib\</path>
         <kind>archive</kind>
         <file>rts430x_lc_sd_eabi.lib</file>
         <name>int57.asm.obj</name>
      </input_file>
      <input_file id="fl-42">
         <path>C:\Software\ccs83\ccsv8\tools\compiler\ti-cgt-msp430_18.1.4.LTS\lib\</path>
         <kind>archive</kind>
         <file>rts430x_lc_sd_eabi.lib</file>
         <name>int58.asm.obj</name>
      </input_file>
      <input_file id="fl-43">
         <path>C:\Software\ccs83\ccsv8\tools\compiler\ti-cgt-msp430_18.1.4.LTS\lib\</path>
         <kind>archive</kind>
         <file>rts430x_lc_sd_eabi.lib</file>
         <name>isr_trap.asm.obj</name>
      </input_file>
      <input_file id="fl-44">
         <path>C:\Software\ccs83\ccsv8\tools\compiler\ti-cgt-msp430_18.1.4.LTS\lib\</path>
         <kind>archive</kind>
         <file>rts430x_lc_sd_eabi.lib</file>
         <name>lsl16.asm.obj</name>
      </input_file>
      <input_file id="fl-45">
         <path>C:\Software\ccs83\ccsv8\tools\compiler\ti-cgt-msp430_18.1.4.LTS\lib\</path>
         <kind>archive</kind>
         <file>rts430x_lc_sd_eabi.lib</file>
         <name>lsr16.asm.obj</name>
      </input_file>
      <input_file id="fl-46">
         <path>C:\Software\ccs83\ccsv8\tools\compiler\ti-cgt-msp430_18.1.4.LTS\lib\</path>
         <kind>archive</kind>
         <file>rts430x_lc_sd_eabi.lib</file>
         <name>mult32.asm.obj</name>
      </input_file>
      <input_file id="fl-47">
         <path>C:\Software\ccs83\ccsv8\tools\compiler\ti-cgt-msp430_18.1.4.LTS\lib\</path>
         <kind>archive</kind>
         <file>rts430x_lc_sd_eabi.lib</file>
         <name>boot.c.obj</name>
      </input_file>
      <input_file id="fl-48">
         <path>C:\Software\ccs83\ccsv8\tools\compiler\ti-cgt-msp430_18.1.4.LTS\lib\</path>
         <kind>archive</kind>
         <file>rts430x_lc_sd_eabi.lib</file>
         <name>autoinit.c.obj</name>
      </input_file>
      <input_file id="fl-49">
         <path>C:\Software\ccs83\ccsv8\tools\compiler\ti-cgt-msp430_18.1.4.LTS\lib\</path>
         <kind>archive</kind>
         <file>rts430x_lc_sd_eabi.lib</file>
         <name>copy_zero_init.c.obj</name>
      </input_file>
      <input_file id="fl-4a">
         <path>C:\Software\ccs83\ccsv8\tools\compiler\ti-cgt-msp430_18.1.4.LTS\lib\</path>
         <kind>archive</kind>
         <file>rts430x_lc_sd_eabi.lib</file>
         <name>cpy_tbl.c.obj</name>
      </input_file>
      <input_file id="fl-4b">
         <path>C:\Software\ccs83\ccsv8\tools\compiler\ti-cgt-msp430_18.1.4.LTS\lib\</path>
         <kind>archive</kind>
         <file>rts430x_lc_sd_eabi.lib</file>
         <name>mpu_init.c.obj</name>
      </input_file>
      <input_file id="fl-4c">
         <path>C:\Software\ccs83\ccsv8\tools\compiler\ti-cgt-msp430_18.1.4.LTS\lib\</path>
         <kind>archive</kind>
         <file>rts430x_lc_sd_eabi.lib</file>
         <name>pre_init.c.obj</name>
      </input_file>
      <input_file id="fl-4d">
         <path>C:\Software\ccs83\ccsv8\tools\compiler\ti-cgt-msp430_18.1.4.LTS\lib\</path>
         <kind>archive</kind>
         <file>rts430x_lc_sd_eabi.lib</file>
         <name>startup.c.obj</name>
      </input_file>
      <input_file id="fl-4e">
         <path>C:\Software\ccs83\ccsv8\tools\compiler\ti-cgt-msp430_18.1.4.LTS\lib\</path>
         <kind>archive</kind>
         <file>rts430x_lc_sd_eabi.lib</file>
         <name>copy_decompress_none.c.obj</name>
      </input_file>
      <input_file id="fl-4f">
         <path>C:\Software\ccs83\ccsv8\tools\compiler\ti-cgt-msp430_18.1.4.LTS\lib\</path>
         <kind>archive</kind>
         <file>rts430x_lc_sd_eabi.lib</file>
         <name>copy_decompress_lzss.c.obj</name>
      </input_file>
      <input_file id="fl-50">
         <path>C:\Software\ccs83\ccsv8\tools\compiler\ti-cgt-msp430_18.1.4.LTS\lib\</path>
         <kind>archive</kind>
         <file>rts430x_lc_sd_eabi.lib</file>
         <name>cmpd.c.obj</name>
      </input_file>
      <input_file id="fl-51">
         <path>C:\Software\ccs83\ccsv8\tools\compiler\ti-cgt-msp430_18.1.4.LTS\lib\</path>
         <kind>archive</kind>
         <file>rts430x_lc_sd_eabi.lib</file>
         <name>fixdi.c.obj</name>
      </input_file>
      <input_file id="fl-52">
         <path>C:\Software\ccs83\ccsv8\tools\compiler\ti-cgt-msp430_18.1.4.LTS\lib\</path>
         <kind>archive</kind>
         <file>rts430x_lc_sd_eabi.lib</file>
         <name>fixdli.c.obj</name>
      </input_file>
      <input_file id="fl-53">
         <path>C:\Software\ccs83\ccsv8\tools\compiler\ti-cgt-msp430_18.1.4.LTS\lib\</path>
         <kind>archive</kind>
         <file>rts430x_lc_sd_eabi.lib</file>
         <name>fltud.c.obj</name>
      </input_file>
      <input_file id="fl-54">
         <path>C:\Software\ccs83\ccsv8\tools\compiler\ti-cgt-msp430_18.1.4.LTS\lib\</path>
         <kind>archive</kind>
         <file>rts430x_lc_sd_eabi.lib</file>
         <name>fltuld.c.obj</name>
      </input_file>
      <input_file id="fl-55">
         <path>C:\Software\ccs83\ccsv8\tools\compiler\ti-cgt-msp430_18.1.4.LTS\lib\</path>
         <kind>archive</kind>
         <file>rts430x_lc_sd_eabi.lib</file>
         <name>mpyd.c.obj</name>
      </input_file>
      <input_file id="fl-56">
         <path>C:\Software\ccs83\ccsv8\tools\compiler\ti-cgt-msp430_18.1.4.LTS\lib\</path>
         <kind>archive</kind>
         <file>rts430x_lc_sd_eabi.lib</file>
         <name>exit.c.obj</name>
      </input_file>
      <input_file id="fl-57">
         <path>C:\Software\ccs83\ccsv8\tools\compiler\ti-cgt-msp430_18.1.4.LTS\lib\</path>
         <kind>archive</kind>
         <file>rts430x_lc_sd_eabi.lib</file>
         <name>_lock.c.obj</name>
      </input_file>
      <input_file id="fl-58">
         <path>C:\Software\ccs83\ccsv8\tools\compiler\ti-cgt-msp430_18.1.4.LTS\lib\</path>
         <kind>archive</kind>
         <file>rts430x_lc_sd_eabi.lib</file>
         <name>args_main.c.obj</name>
      </input_file>
      <input_file id="fl-59">
         <path>C:\Software\ccs83\ccsv8\tools\compiler\ti-cgt-msp430_18.1.4.LTS\lib\</path>
         <kind>archive</kind>
         <file>rts430x_lc_sd_eabi.lib</file>
         <name>atoi.c.obj</name>
      </input_file>
      <input_file id="fl-5a">
         <path>C:\Software\ccs83\ccsv8\tools\compiler\ti-cgt-msp430_18.1.4.LTS\lib\</path>
         <kind>archive</kind>
         <file>rts430x_lc_sd_eabi.lib</file>
         <name>ctype.c.obj</name>
      </input_file>
      <input_file id="fl-5b">
         <path>C:\Software\ccs83\ccsv8\tools\compiler\ti-cgt-msp430_18.1.4.LTS\lib\</path>
         <kind>archive</kind>
         <file>rts430x_lc_sd_eabi.lib</file>
         <name>memcpy.c.obj</name>
      </input_file>
      <input_file id="fl-5c">
         <path>C:\Software\ccs83\ccsv8\tools\compiler\ti-cgt-msp430_18.1.4.LTS\lib\</path>
         <kind>archive</kind>
         <file>rts430x_lc_sd_eabi.lib</file>
         <name>memset.c.obj</name>
      </input_file>
      <input_file id="fl-5d">
         <path>C:\Software\ccs83\ccsv8\tools\compiler\ti-cgt-msp430_18.1.4.LTS\lib\</path>
         <kind>archive</kind>
         <file>rts430x_lc_sd_eabi.lib</file>
         <name>strlen.c.obj</name>
      </input_file>
      <input_file id="fl-5e">
         <path>C:\Software\ccs83\ccsv8\tools\compiler\ti-cgt-msp430_18.1.4.LTS\lib\</path>
         <kind>archive</kind>
         <file>rts430x_lc_sd_eabi.lib</file>
         <name>cpy_util.asm.obj</name>
      </input_file>
      <input_file id="fl-5f">
         <path>C:\Software\ccs83\ccsv8\tools\compiler\ti-cgt-msp430_18.1.4.LTS\lib\</path>
         <kind>archive</kind>
         <file>rts430x_lc_sd_eabi.lib</file>
         <name>lsl32.asm.obj</name>
      </input_file>
      <input_file id="fl-60">
         <path>C:\Software\ccs83\ccsv8\tools\compiler\ti-cgt-msp430_18.1.4.LTS\lib\</path>
         <kind>archive</kind>
         <file>rts430x_lc_sd_eabi.lib</file>
         <name>lsr32.asm.obj</name>
      </input_file>
      <input_file id="fl-61">
         <path>C:\Software\ccs83\ccsv8\tools\compiler\ti-cgt-msp430_18.1.4.LTS\lib\</path>
         <kind>archive</kind>
         <file>rts430x_lc_sd_eabi.lib</file>
         <name>mult16.asm.obj</name>
      </input_file>
      <input_file id="fl-62">
         <path>C:\Software\ccs83\ccsv8\tools\compiler\ti-cgt-msp430_18.1.4.LTS\lib\</path>
         <kind>archive</kind>
         <file>rts430x_lc_sd_eabi.lib</file>
         <name>exit_gvars.c.obj</name>
      </input_file>
      <input_file id="fl-63">
         <path>C:\Software\ccs83\ccsv8\tools\compiler\ti-cgt-msp430_18.1.4.LTS\lib\</path>
         <kind>archive</kind>
         <file>rts430x_lc_sd_eabi.lib</file>
         <name>lsr64.c.obj</name>
      </input_file>
      <input_file id="fl-64">
         <path>C:\Software\ccs83\ccsv8\tools\compiler\ti-cgt-msp430_18.1.4.LTS\lib\</path>
         <kind>archive</kind>
         <file>rts430x_lc_sd_eabi.lib</file>
         <name>frcmpyd.c.obj</name>
      </input_file>
      <input_file id="fl-65">
         <path>C:\Software\ccs83\ccsv8\tools\compiler\ti-cgt-msp430_18.1.4.LTS\lib\</path>
         <kind>archive</kind>
         <file>rts430x_lc_sd_eabi.lib</file>
         <name>asr32.asm.obj</name>
      </input_file>
   </input_file_list>
   <object_component_list>
      <object_component id="oc-714">
         <name>.cinit..data.load</name>
         <load_address>0xc400</load_address>
         <run_address>0xc400</run_address>
         <size>0x2f</size>
      </object_component>
      <object_component id="oc-711">
         <name>__TI_handler_table</name>
         <load_address>0xc430</load_address>
         <run_address>0xc430</run_address>
         <size>0xc</size>
      </object_component>
      <object_component id="oc-713">
         <name>.cinit..bss.load</name>
         <load_address>0xc43c</load_address>
         <run_address>0xc43c</run_address>
         <size>0x6</size>
      </object_component>
      <object_component id="oc-712">
         <name>__TI_cinit_table</name>
         <load_address>0xc442</load_address>
         <run_address>0xc442</run_address>
         <size>0x10</size>
      </object_component>
      <object_component id="oc-6a9">
         <name>.binit</name>
         <load_address>0xc452</load_address>
         <run_address>0xc452</run_address>
         <size>0x0</size>
      </object_component>
      <object_component id="oc-5bc">
         <name>.const:.string:_ctypes_</name>
         <load_address>0xc452</load_address>
         <run_address>0xc452</run_address>
         <size>0x101</size>
         <input_file_ref idref="fl-5a"/>
      </object_component>
      <object_component id="oc-5b0">
         <name>.const:alphabetBig</name>
         <load_address>0xc554</load_address>
         <run_address>0xc554</run_address>
         <size>0x34</size>
         <input_file_ref idref="fl-2"/>
      </object_component>
      <object_component id="oc-3a0">
         <name>.const:GPIO_PORT_TO_BASE</name>
         <load_address>0xc588</load_address>
         <run_address>0xc588</run_address>
         <size>0x1c</size>
         <input_file_ref idref="fl-d"/>
      </object_component>
      <object_component id="oc-5b3">
         <name>.const:digit</name>
         <load_address>0xc5a4</load_address>
         <run_address>0xc5a4</run_address>
         <size>0x14</size>
         <input_file_ref idref="fl-2"/>
      </object_component>
      <object_component id="oc-515">
         <name>.const:$P$T0$6</name>
         <load_address>0xc5b8</load_address>
         <run_address>0xc5b8</run_address>
         <size>0x10</size>
         <input_file_ref idref="fl-3"/>
      </object_component>
      <object_component id="oc-537">
         <name>.const:$P$T0$1</name>
         <load_address>0xc5c8</load_address>
         <run_address>0xc5c8</run_address>
         <size>0xa</size>
         <input_file_ref idref="fl-2"/>
      </object_component>
      <object_component id="oc-406">
         <name>.const:.string</name>
         <load_address>0xc5d2</load_address>
         <run_address>0xc5d2</run_address>
         <size>0x8</size>
         <input_file_ref idref="fl-3"/>
      </object_component>
      <object_component id="oc-586">
         <name>.const:.string:$P$T1$2</name>
         <load_address>0xc5da</load_address>
         <run_address>0xc5da</run_address>
         <size>0x6</size>
         <input_file_ref idref="fl-2"/>
      </object_component>
      <object_component id="oc-37f">
         <name>.text:main</name>
         <load_address>0xc5e0</load_address>
         <run_address>0xc5e0</run_address>
         <size>0x3a6</size>
         <input_file_ref idref="fl-3"/>
      </object_component>
      <object_component id="oc-591">
         <name>.text:__TI_frcmpyd</name>
         <load_address>0xc986</load_address>
         <run_address>0xc986</run_address>
         <size>0x280</size>
         <input_file_ref idref="fl-64"/>
      </object_component>
      <object_component id="oc-413">
         <name>.text:__mspabi_mpyd</name>
         <load_address>0xcc06</load_address>
         <run_address>0xcc06</run_address>
         <size>0x264</size>
         <input_file_ref idref="fl-55"/>
      </object_component>
      <object_component id="oc-3d0">
         <name>.text:Init_GPIO</name>
         <load_address>0xce6a</load_address>
         <run_address>0xce6a</run_address>
         <size>0x10a</size>
         <input_file_ref idref="fl-3"/>
      </object_component>
      <object_component id="oc-64">
         <name>.text:decompress:lzss:__TI_decompress_lzss</name>
         <load_address>0xcf74</load_address>
         <run_address>0xcf74</run_address>
         <size>0xee</size>
         <input_file_ref idref="fl-4f"/>
      </object_component>
      <object_component id="oc-42b">
         <name>.text:__mspabi_cmpd</name>
         <load_address>0xd062</load_address>
         <run_address>0xd062</run_address>
         <size>0xd8</size>
         <input_file_ref idref="fl-50"/>
      </object_component>
      <object_component id="oc-407">
         <name>.text:displayScrollText</name>
         <load_address>0xd13a</load_address>
         <run_address>0xd13a</run_address>
         <size>0xd6</size>
         <input_file_ref idref="fl-2"/>
      </object_component>
      <object_component id="oc-425">
         <name>.text:showDistance</name>
         <load_address>0xd210</load_address>
         <run_address>0xd210</run_address>
         <size>0xd6</size>
         <input_file_ref idref="fl-2"/>
      </object_component>
      <object_component id="oc-3ee">
         <name>.text:Init_LCD</name>
         <load_address>0xd2e6</load_address>
         <run_address>0xd2e6</run_address>
         <size>0xd2</size>
         <input_file_ref idref="fl-2"/>
      </object_component>
      <object_component id="oc-508">
         <name>.text:CS_initClockSignal</name>
         <load_address>0xd3b8</load_address>
         <run_address>0xd3b8</run_address>
         <size>0xc8</size>
         <input_file_ref idref="fl-6"/>
      </object_component>
      <object_component id="oc-55e">
         <name>.text:LCD_E_setPinAsCOM</name>
         <load_address>0xd480</load_address>
         <run_address>0xd480</run_address>
         <size>0x9e</size>
         <input_file_ref idref="fl-f"/>
      </object_component>
      <object_component id="oc-2a1">
         <name>.text:_isr:PORT1_ISR</name>
         <load_address>0xd51e</load_address>
         <run_address>0xd51e</run_address>
         <size>0x94</size>
         <input_file_ref idref="fl-3"/>
      </object_component>
      <object_component id="oc-51e">
         <name>.text:EUSCI_A_UART_init</name>
         <load_address>0xd5b2</load_address>
         <run_address>0xd5b2</run_address>
         <size>0x90</size>
         <input_file_ref idref="fl-9"/>
      </object_component>
      <object_component id="oc-3e8">
         <name>.text:Init_UART</name>
         <load_address>0xd642</load_address>
         <run_address>0xd642</run_address>
         <size>0x80</size>
         <input_file_ref idref="fl-3"/>
      </object_component>
      <object_component id="oc-531">
         <name>.text:LCD_E_setPinAsLCDFunctionEx</name>
         <load_address>0xd6c2</load_address>
         <run_address>0xd6c2</run_address>
         <size>0x80</size>
         <input_file_ref idref="fl-f"/>
      </object_component>
      <object_component id="oc-3b2">
         <name>.text:__mspabi_fltuld</name>
         <load_address>0xd742</load_address>
         <run_address>0xd742</run_address>
         <size>0x80</size>
         <input_file_ref idref="fl-54"/>
      </object_component>
      <object_component id="oc-448">
         <name>.text:showChar</name>
         <load_address>0xd7c2</load_address>
         <run_address>0xd7c2</run_address>
         <size>0x7a</size>
         <input_file_ref idref="fl-2"/>
      </object_component>
      <object_component id="oc-47f">
         <name>.text:__TI_auto_init_nobinit_nopinit_hold_wdt:__TI_auto_init_nobinit_nopinit_hold_wdt</name>
         <load_address>0xd83c</load_address>
         <run_address>0xd83c</run_address>
         <size>0x6a</size>
         <input_file_ref idref="fl-48"/>
      </object_component>
      <object_component id="oc-59e">
         <name>.text:__mspabi_fixdli</name>
         <load_address>0xd8a6</load_address>
         <run_address>0xd8a6</run_address>
         <size>0x66</size>
         <input_file_ref idref="fl-52"/>
      </object_component>
      <object_component id="oc-3dc">
         <name>.text:Init_ADC</name>
         <load_address>0xd90c</load_address>
         <run_address>0xd90c</run_address>
         <size>0x54</size>
         <input_file_ref idref="fl-3"/>
      </object_component>
      <object_component id="oc-44e">
         <name>.text:atoi</name>
         <load_address>0xd960</load_address>
         <run_address>0xd960</run_address>
         <size>0x52</size>
         <input_file_ref idref="fl-59"/>
      </object_component>
      <object_component id="oc-4d6">
         <name>.text:Timer_A_outputPWM</name>
         <load_address>0xd9b2</load_address>
         <run_address>0xd9b2</run_address>
         <size>0x50</size>
         <input_file_ref idref="fl-17"/>
      </object_component>
      <object_component id="oc-3fa">
         <name>.text:Init_Keypad</name>
         <load_address>0xda02</load_address>
         <run_address>0xda02</run_address>
         <size>0x42</size>
         <input_file_ref idref="fl-3"/>
      </object_component>
      <object_component id="oc-577">
         <name>.text:Timer_A_initContinuousMode</name>
         <load_address>0xda44</load_address>
         <run_address>0xda44</run_address>
         <size>0x40</size>
         <input_file_ref idref="fl-17"/>
      </object_component>
      <object_component id="oc-28a">
         <name>.text:__memcpy_far</name>
         <load_address>0xda84</load_address>
         <run_address>0xda84</run_address>
         <size>0x40</size>
         <input_file_ref idref="fl-5e"/>
      </object_component>
      <object_component id="oc-3e2">
         <name>.text:Init_Clock</name>
         <load_address>0xdac4</load_address>
         <run_address>0xdac4</run_address>
         <size>0x3e</size>
         <input_file_ref idref="fl-3"/>
      </object_component>
      <object_component id="oc-41f">
         <name>.text:clearLCD</name>
         <load_address>0xdb02</load_address>
         <run_address>0xdb02</run_address>
         <size>0x3e</size>
         <input_file_ref idref="fl-2"/>
      </object_component>
      <object_component id="oc-2b3">
         <name>.text:decompress:ZI:__TI_zero_init_nomemset:__TI_zero_init_nomemset</name>
         <load_address>0xdb40</load_address>
         <run_address>0xdb40</run_address>
         <size>0x3e</size>
         <input_file_ref idref="fl-49"/>
      </object_component>
      <object_component id="oc-63a">
         <name>.text:l_asr_const</name>
         <load_address>0xdb7e</load_address>
         <run_address>0xdb7e</run_address>
         <size>0x3e</size>
         <input_file_ref idref="fl-65"/>
      </object_component>
      <object_component id="oc-4b3">
         <name>.text:l_lsl_const</name>
         <load_address>0xdbbc</load_address>
         <run_address>0xdbbc</run_address>
         <size>0x3e</size>
         <input_file_ref idref="fl-5f"/>
      </object_component>
      <object_component id="oc-4b8">
         <name>.text:l_lsr_const</name>
         <load_address>0xdbfa</load_address>
         <run_address>0xdbfa</run_address>
         <size>0x3e</size>
         <input_file_ref idref="fl-60"/>
      </object_component>
      <object_component id="oc-6a">
         <name>.text:decompress:none:__TI_decompress_none</name>
         <load_address>0xdc38</load_address>
         <run_address>0xdc38</run_address>
         <size>0x3c</size>
         <input_file_ref idref="fl-4e"/>
      </object_component>
      <object_component id="oc-3d6">
         <name>.text:Init_Buzzer</name>
         <load_address>0xdc74</load_address>
         <run_address>0xdc74</run_address>
         <size>0x3a</size>
         <input_file_ref idref="fl-3"/>
      </object_component>
      <object_component id="oc-4e3">
         <name>.text:ADC_init</name>
         <load_address>0xdcae</load_address>
         <run_address>0xdcae</run_address>
         <size>0x34</size>
         <input_file_ref idref="fl-4"/>
      </object_component>
      <object_component id="oc-4dd">
         <name>.text:GPIO_setAsPeripheralModuleFunctionInputPin</name>
         <load_address>0xdce2</load_address>
         <run_address>0xdce2</run_address>
         <size>0x34</size>
         <input_file_ref idref="fl-d"/>
      </object_component>
      <object_component id="oc-4d0">
         <name>.text:GPIO_setAsPeripheralModuleFunctionOutputPin</name>
         <load_address>0xdd16</load_address>
         <run_address>0xdd16</run_address>
         <size>0x34</size>
         <input_file_ref idref="fl-d"/>
      </object_component>
      <object_component id="oc-2ad">
         <name>.text:_isr:EUSCIA0_ISR</name>
         <load_address>0xdd4a</load_address>
         <run_address>0xdd4a</run_address>
         <size>0x32</size>
         <input_file_ref idref="fl-3"/>
      </object_component>
      <object_component id="oc-4f5">
         <name>.text:ADC_configureMemory</name>
         <load_address>0xdd7c</load_address>
         <run_address>0xdd7c</run_address>
         <size>0x30</size>
         <input_file_ref idref="fl-4"/>
      </object_component>
      <object_component id="oc-50e">
         <name>.text:CS_turnOnXT1LF</name>
         <load_address>0xddac</load_address>
         <run_address>0xddac</run_address>
         <size>0x30</size>
         <input_file_ref idref="fl-6"/>
      </object_component>
      <object_component id="oc-2a7">
         <name>.text:_isr:ADC_ISR</name>
         <load_address>0xdddc</load_address>
         <run_address>0xdddc</run_address>
         <size>0x30</size>
         <input_file_ref idref="fl-3"/>
      </object_component>
      <object_component id="oc-5a6">
         <name>.text</name>
         <load_address>0xde0c</load_address>
         <run_address>0xde0c</run_address>
         <size>0x2c</size>
         <input_file_ref idref="fl-35"/>
      </object_component>
      <object_component id="oc-31c">
         <name>.text:Timer_A_getCounterValue</name>
         <load_address>0xde38</load_address>
         <run_address>0xde38</run_address>
         <size>0x2a</size>
         <input_file_ref idref="fl-17"/>
      </object_component>
      <object_component id="oc-2fa">
         <name>.text:GPIO_getInterruptStatus</name>
         <load_address>0xde62</load_address>
         <run_address>0xde62</run_address>
         <size>0x28</size>
         <input_file_ref idref="fl-d"/>
      </object_component>
      <object_component id="oc-53a">
         <name>.text:LCD_E_init</name>
         <load_address>0xde8a</load_address>
         <run_address>0xde8a</run_address>
         <size>0x28</size>
         <input_file_ref idref="fl-f"/>
      </object_component>
      <object_component id="oc-419">
         <name>.text:__mspabi_fixdi</name>
         <load_address>0xdeb2</load_address>
         <run_address>0xdeb2</run_address>
         <size>0x28</size>
         <input_file_ref idref="fl-51"/>
      </object_component>
      <object_component id="oc-63f">
         <name>.text</name>
         <load_address>0xdeda</load_address>
         <run_address>0xdeda</run_address>
         <size>0x26</size>
         <input_file_ref idref="fl-46"/>
      </object_component>
      <object_component id="oc-3f4">
         <name>.text:Init_Timer</name>
         <load_address>0xdf00</load_address>
         <run_address>0xdf00</run_address>
         <size>0x24</size>
         <input_file_ref idref="fl-3"/>
      </object_component>
      <object_component id="oc-454">
         <name>.text:GPIO_setAsInputPinWithPullDownResistor</name>
         <load_address>0xdf24</load_address>
         <run_address>0xdf24</run_address>
         <size>0x22</size>
         <input_file_ref idref="fl-d"/>
      </object_component>
      <object_component id="oc-4c2">
         <name>.text:GPIO_setAsInputPinWithPullUpResistor</name>
         <load_address>0xdf46</load_address>
         <run_address>0xdf46</run_address>
         <size>0x22</size>
         <input_file_ref idref="fl-d"/>
      </object_component>
      <object_component id="oc-29b">
         <name>.text:_isr:PORT2_ISR</name>
         <load_address>0xdf68</load_address>
         <run_address>0xdf68</run_address>
         <size>0x22</size>
         <input_file_ref idref="fl-3"/>
      </object_component>
      <object_component id="oc-32e">
         <name>.text:GPIO_selectInterruptEdge</name>
         <load_address>0xdf8a</load_address>
         <run_address>0xdf8a</run_address>
         <size>0x20</size>
         <input_file_ref idref="fl-d"/>
      </object_component>
      <object_component id="oc-620">
         <name>.text:setLCDFunction</name>
         <load_address>0xdfaa</load_address>
         <run_address>0xdfaa</run_address>
         <size>0x20</size>
         <input_file_ref idref="fl-f"/>
      </object_component>
      <object_component id="oc-4c8">
         <name>.text:GPIO_setAsInputPin</name>
         <load_address>0xdfca</load_address>
         <run_address>0xdfca</run_address>
         <size>0x1e</size>
         <input_file_ref idref="fl-d"/>
      </object_component>
      <object_component id="oc-2c5">
         <name>.text:_isr:_c_int00_noargs</name>
         <load_address>0xdfe8</load_address>
         <run_address>0xdfe8</run_address>
         <size>0x1c</size>
         <input_file_ref idref="fl-47"/>
      </object_component>
      <object_component id="oc-52a">
         <name>.text:EUSCI_A_UART_enableInterrupt</name>
         <load_address>0xe004</load_address>
         <run_address>0xe004</run_address>
         <size>0x1a</size>
         <input_file_ref idref="fl-9"/>
      </object_component>
      <object_component id="oc-310">
         <name>.text:GPIO_getInputPinValue</name>
         <load_address>0xe01e</load_address>
         <run_address>0xe01e</run_address>
         <size>0x1a</size>
         <input_file_ref idref="fl-d"/>
      </object_component>
      <object_component id="oc-43f">
         <name>.text:GPIO_setAsOutputPin</name>
         <load_address>0xe038</load_address>
         <run_address>0xe038</run_address>
         <size>0x1a</size>
         <input_file_ref idref="fl-d"/>
      </object_component>
      <object_component id="oc-303">
         <name>.text:GPIO_clearInterrupt</name>
         <load_address>0xe052</load_address>
         <run_address>0xe052</run_address>
         <size>0x16</size>
         <input_file_ref idref="fl-d"/>
      </object_component>
      <object_component id="oc-30a">
         <name>.text:GPIO_disableInterrupt</name>
         <load_address>0xe068</load_address>
         <run_address>0xe068</run_address>
         <size>0x16</size>
         <input_file_ref idref="fl-d"/>
      </object_component>
      <object_component id="oc-33a">
         <name>.text:GPIO_enableInterrupt</name>
         <load_address>0xe07e</load_address>
         <run_address>0xe07e</run_address>
         <size>0x16</size>
         <input_file_ref idref="fl-d"/>
      </object_component>
      <object_component id="oc-437">
         <name>.text:GPIO_setOutputHighOnPin</name>
         <load_address>0xe094</load_address>
         <run_address>0xe094</run_address>
         <size>0x16</size>
         <input_file_ref idref="fl-d"/>
      </object_component>
      <object_component id="oc-431">
         <name>.text:GPIO_setOutputLowOnPin</name>
         <load_address>0xe0aa</load_address>
         <run_address>0xe0aa</run_address>
         <size>0x16</size>
         <input_file_ref idref="fl-d"/>
      </object_component>
      <object_component id="oc-3ca">
         <name>.text:WDT_A_hold</name>
         <load_address>0xe0c0</load_address>
         <run_address>0xe0c0</run_address>
         <size>0x16</size>
         <input_file_ref idref="fl-1a"/>
      </object_component>
      <object_component id="oc-64e">
         <name>.text</name>
         <load_address>0xe0d6</load_address>
         <run_address>0xe0d6</run_address>
         <size>0x16</size>
         <input_file_ref idref="fl-36"/>
      </object_component>
      <object_component id="oc-4ef">
         <name>.text:ADC_setupSamplingTimer</name>
         <load_address>0xe0ec</load_address>
         <run_address>0xe0ec</run_address>
         <size>0x14</size>
         <input_file_ref idref="fl-4"/>
      </object_component>
      <object_component id="oc-365">
         <name>.text:EUSCI_A_UART_receiveData</name>
         <load_address>0xe100</load_address>
         <run_address>0xe100</run_address>
         <size>0x14</size>
         <input_file_ref idref="fl-9"/>
      </object_component>
      <object_component id="oc-36b">
         <name>.text:EUSCI_A_UART_transmitData</name>
         <load_address>0xe114</load_address>
         <run_address>0xe114</run_address>
         <size>0x14</size>
         <input_file_ref idref="fl-9"/>
      </object_component>
      <object_component id="oc-40d">
         <name>.text:memset</name>
         <load_address>0xe128</load_address>
         <run_address>0xe128</run_address>
         <size>0x14</size>
         <input_file_ref idref="fl-5c"/>
      </object_component>
      <object_component id="oc-5b7">
         <name>.text</name>
         <load_address>0xe13c</load_address>
         <run_address>0xe13c</run_address>
         <size>0x14</size>
         <input_file_ref idref="fl-61"/>
      </object_component>
      <object_component id="oc-540">
         <name>.text:LCD_E_setVLCDSource</name>
         <load_address>0xe150</load_address>
         <run_address>0xe150</run_address>
         <size>0x12</size>
         <input_file_ref idref="fl-f"/>
      </object_component>
      <object_component id="oc-518">
         <name>.text:memcpy</name>
         <load_address>0xe162</load_address>
         <run_address>0xe162</run_address>
         <size>0x12</size>
         <input_file_ref idref="fl-5b"/>
      </object_component>
      <object_component id="oc-648">
         <name>.text:l_lsr</name>
         <load_address>0xe174</load_address>
         <run_address>0xe174</run_address>
         <size>0x10</size>
         <input_file_ref idref="fl-60"/>
      </object_component>
      <object_component id="oc-580">
         <name>.text:strlen</name>
         <load_address>0xe184</load_address>
         <run_address>0xe184</run_address>
         <size>0xe</size>
         <input_file_ref idref="fl-5d"/>
      </object_component>
      <object_component id="oc-56a">
         <name>.text:LCD_E_on</name>
         <load_address>0xe192</load_address>
         <run_address>0xe192</run_address>
         <size>0xc</size>
         <input_file_ref idref="fl-f"/>
      </object_component>
      <object_component id="oc-552">
         <name>.text:LCD_E_setChargePumpFreq</name>
         <load_address>0xe19e</load_address>
         <run_address>0xe19e</run_address>
         <size>0xc</size>
         <input_file_ref idref="fl-f"/>
      </object_component>
      <object_component id="oc-546">
         <name>.text:LCD_E_setVLCDVoltage</name>
         <load_address>0xe1aa</load_address>
         <run_address>0xe1aa</run_address>
         <size>0xc</size>
         <input_file_ref idref="fl-f"/>
      </object_component>
      <object_component id="oc-334">
         <name>.text:Timer_A_startCounter</name>
         <load_address>0xe1b6</load_address>
         <run_address>0xe1b6</run_address>
         <size>0xc</size>
         <input_file_ref idref="fl-17"/>
      </object_component>
      <object_component id="oc-502">
         <name>.text:CS_setExternalClockSource</name>
         <load_address>0xe1c2</load_address>
         <run_address>0xe1c2</run_address>
         <size>0xa</size>
         <input_file_ref idref="fl-6"/>
      </object_component>
      <object_component id="oc-564">
         <name>.text:LCD_E_selectDisplayMemory</name>
         <load_address>0xe1cc</load_address>
         <run_address>0xe1cc</run_address>
         <size>0xa</size>
         <input_file_ref idref="fl-f"/>
      </object_component>
      <object_component id="oc-606">
         <name>.text</name>
         <load_address>0xe1d6</load_address>
         <run_address>0xe1d6</run_address>
         <size>0xa</size>
         <input_file_ref idref="fl-44"/>
      </object_component>
      <object_component id="oc-61b">
         <name>.text</name>
         <load_address>0xe1e0</load_address>
         <run_address>0xe1e0</run_address>
         <size>0xa</size>
         <input_file_ref idref="fl-45"/>
      </object_component>
      <object_component id="oc-34c">
         <name>.text:ADC_clearInterrupt</name>
         <load_address>0xe1ea</load_address>
         <run_address>0xe1ea</run_address>
         <size>0x8</size>
         <input_file_ref idref="fl-4"/>
      </object_component>
      <object_component id="oc-4e9">
         <name>.text:ADC_enable</name>
         <load_address>0xe1f2</load_address>
         <run_address>0xe1f2</run_address>
         <size>0x8</size>
         <input_file_ref idref="fl-4"/>
      </object_component>
      <object_component id="oc-4fb">
         <name>.text:ADC_enableInterrupt</name>
         <load_address>0xe1fa</load_address>
         <run_address>0xe1fa</run_address>
         <size>0x8</size>
         <input_file_ref idref="fl-4"/>
      </object_component>
      <object_component id="oc-346">
         <name>.text:ADC_getInterruptStatus</name>
         <load_address>0xe202</load_address>
         <run_address>0xe202</run_address>
         <size>0x8</size>
         <input_file_ref idref="fl-4"/>
      </object_component>
      <object_component id="oc-35f">
         <name>.text:EUSCI_A_UART_clearInterrupt</name>
         <load_address>0xe20a</load_address>
         <run_address>0xe20a</run_address>
         <size>0x8</size>
         <input_file_ref idref="fl-9"/>
      </object_component>
      <object_component id="oc-359">
         <name>.text:EUSCI_A_UART_getInterruptStatus</name>
         <load_address>0xe212</load_address>
         <run_address>0xe212</run_address>
         <size>0x8</size>
         <input_file_ref idref="fl-9"/>
      </object_component>
      <object_component id="oc-54c">
         <name>.text:LCD_E_enableChargePump</name>
         <load_address>0xe21a</load_address>
         <run_address>0xe21a</run_address>
         <size>0x8</size>
         <input_file_ref idref="fl-f"/>
      </object_component>
      <object_component id="oc-316">
         <name>.text:Timer_A_stop</name>
         <load_address>0xe222</load_address>
         <run_address>0xe222</run_address>
         <size>0x8</size>
         <input_file_ref idref="fl-17"/>
      </object_component>
      <object_component id="oc-296">
         <name>.text:_isr:__TI_ISR_TRAP</name>
         <load_address>0xe22a</load_address>
         <run_address>0xe22a</run_address>
         <size>0x8</size>
         <input_file_ref idref="fl-43"/>
      </object_component>
      <object_component id="oc-352">
         <name>.text:ADC_getResults</name>
         <load_address>0xe232</load_address>
         <run_address>0xe232</run_address>
         <size>0x6</size>
         <input_file_ref idref="fl-4"/>
      </object_component>
      <object_component id="oc-524">
         <name>.text:EUSCI_A_UART_enable</name>
         <load_address>0xe238</load_address>
         <run_address>0xe238</run_address>
         <size>0x6</size>
         <input_file_ref idref="fl-9"/>
      </object_component>
      <object_component id="oc-558">
         <name>.text:LCD_E_clearAllMemory</name>
         <load_address>0xe23e</load_address>
         <run_address>0xe23e</run_address>
         <size>0x6</size>
         <input_file_ref idref="fl-f"/>
      </object_component>
      <object_component id="oc-400">
         <name>.text:PMM_unlockLPM5</name>
         <load_address>0xe244</load_address>
         <run_address>0xe244</run_address>
         <size>0x6</size>
         <input_file_ref idref="fl-11"/>
      </object_component>
      <object_component id="oc-328">
         <name>.text:Timer_A_clear</name>
         <load_address>0xe24a</load_address>
         <run_address>0xe24a</run_address>
         <size>0x6</size>
         <input_file_ref idref="fl-17"/>
      </object_component>
      <object_component id="oc-322">
         <name>.text:__mspabi_fltud</name>
         <load_address>0xe250</load_address>
         <run_address>0xe250</run_address>
         <size>0x6</size>
         <input_file_ref idref="fl-53"/>
      </object_component>
      <object_component id="oc-45b">
         <name>.text:abort</name>
         <load_address>0xe256</load_address>
         <run_address>0xe256</run_address>
         <size>0x6</size>
         <input_file_ref idref="fl-56"/>
      </object_component>
      <object_component id="oc-379">
         <name>.text:_system_pre_init</name>
         <load_address>0xe25c</load_address>
         <run_address>0xe25c</run_address>
         <size>0x4</size>
         <input_file_ref idref="fl-4c"/>
      </object_component>
      <object_component id="oc-5d4">
         <name>.text:_system_post_cinit</name>
         <load_address>0xe260</load_address>
         <run_address>0xe260</run_address>
         <size>0x2</size>
         <input_file_ref idref="fl-4d"/>
      </object_component>
      <object_component id="oc-4cf">
         <name>.common:param</name>
         <uninitialized>true</uninitialized>
         <run_address>0x203c</run_address>
         <size>0xc</size>
      </object_component>
      <object_component id="oc-576">
         <name>.common:param2</name>
         <uninitialized>true</uninitialized>
         <run_address>0x2048</run_address>
         <size>0xa</size>
      </object_component>
      <object_component id="oc-300">
         <name>.data</name>
         <load_address>0x2000</load_address>
         <run_address>0x2000</run_address>
         <size>0x16</size>
         <input_file_ref idref="fl-3"/>
      </object_component>
      <object_component id="oc-43d">
         <name>.data:colPort$1</name>
         <load_address>0x2038</load_address>
         <run_address>0x2038</run_address>
         <size>0x3</size>
         <input_file_ref idref="fl-3"/>
      </object_component>
      <object_component id="oc-43e">
         <name>.data:colPin$2</name>
         <load_address>0x202a</load_address>
         <run_address>0x202a</run_address>
         <size>0x6</size>
         <input_file_ref idref="fl-3"/>
      </object_component>
      <object_component id="oc-445">
         <name>.data:rowPort$3</name>
         <load_address>0x2034</load_address>
         <run_address>0x2034</run_address>
         <size>0x4</size>
         <input_file_ref idref="fl-3"/>
      </object_component>
      <object_component id="oc-446">
         <name>.data:rowPin$4</name>
         <load_address>0x2022</load_address>
         <run_address>0x2022</run_address>
         <size>0x8</size>
         <input_file_ref idref="fl-3"/>
      </object_component>
      <object_component id="oc-447">
         <name>.data:keypad$5</name>
         <load_address>0x2016</load_address>
         <run_address>0x2016</run_address>
         <size>0xc</size>
         <input_file_ref idref="fl-3"/>
      </object_component>
      <object_component id="oc-60d">
         <name>.data</name>
         <load_address>0x2030</load_address>
         <run_address>0x2030</run_address>
         <size>0x4</size>
         <input_file_ref idref="fl-6"/>
      </object_component>
      <object_component id="oc-27b">
         <name>.stack</name>
         <uninitialized>true</uninitialized>
         <run_address>0x2760</run_address>
         <size>0x2</size>
         <input_file_ref idref="fl-47"/>
      </object_component>
      <object_component id="oc-715">
         <name>.stack</name>
         <uninitialized>true</uninitialized>
         <run_address>0x2760</run_address>
         <size>0x0</size>
      </object_component>
      <object_component id="oc-70">
         <name>.int45</name>
         <load_address>0xffe2</load_address>
         <run_address>0xffe2</run_address>
         <size>0x2</size>
         <input_file_ref idref="fl-39"/>
      </object_component>
      <object_component id="oc-71">
         <name>.int46</name>
         <load_address>0xffe4</load_address>
         <run_address>0xffe4</run_address>
         <size>0x2</size>
         <input_file_ref idref="fl-3"/>
      </object_component>
      <object_component id="oc-72">
         <name>.int47</name>
         <load_address>0xffe6</load_address>
         <run_address>0xffe6</run_address>
         <size>0x2</size>
         <input_file_ref idref="fl-3"/>
      </object_component>
      <object_component id="oc-73">
         <name>.int48</name>
         <load_address>0xffe8</load_address>
         <run_address>0xffe8</run_address>
         <size>0x2</size>
         <input_file_ref idref="fl-3"/>
      </object_component>
      <object_component id="oc-74">
         <name>.int49</name>
         <load_address>0xffea</load_address>
         <run_address>0xffea</run_address>
         <size>0x2</size>
         <input_file_ref idref="fl-3a"/>
      </object_component>
      <object_component id="oc-75">
         <name>.int50</name>
         <load_address>0xffec</load_address>
         <run_address>0xffec</run_address>
         <size>0x2</size>
         <input_file_ref idref="fl-3"/>
      </object_component>
      <object_component id="oc-76">
         <name>.int51</name>
         <load_address>0xffee</load_address>
         <run_address>0xffee</run_address>
         <size>0x2</size>
         <input_file_ref idref="fl-3b"/>
      </object_component>
      <object_component id="oc-77">
         <name>.int52</name>
         <load_address>0xfff0</load_address>
         <run_address>0xfff0</run_address>
         <size>0x2</size>
         <input_file_ref idref="fl-3c"/>
      </object_component>
      <object_component id="oc-78">
         <name>.int53</name>
         <load_address>0xfff2</load_address>
         <run_address>0xfff2</run_address>
         <size>0x2</size>
         <input_file_ref idref="fl-3d"/>
      </object_component>
      <object_component id="oc-79">
         <name>.int54</name>
         <load_address>0xfff4</load_address>
         <run_address>0xfff4</run_address>
         <size>0x2</size>
         <input_file_ref idref="fl-3e"/>
      </object_component>
      <object_component id="oc-7a">
         <name>.int55</name>
         <load_address>0xfff6</load_address>
         <run_address>0xfff6</run_address>
         <size>0x2</size>
         <input_file_ref idref="fl-3f"/>
      </object_component>
      <object_component id="oc-7b">
         <name>.int56</name>
         <load_address>0xfff8</load_address>
         <run_address>0xfff8</run_address>
         <size>0x2</size>
         <input_file_ref idref="fl-40"/>
      </object_component>
      <object_component id="oc-7c">
         <name>.int57</name>
         <load_address>0xfffa</load_address>
         <run_address>0xfffa</run_address>
         <size>0x2</size>
         <input_file_ref idref="fl-41"/>
      </object_component>
      <object_component id="oc-7d">
         <name>.int58</name>
         <load_address>0xfffc</load_address>
         <run_address>0xfffc</run_address>
         <size>0x2</size>
         <input_file_ref idref="fl-42"/>
      </object_component>
      <object_component id="oc-27e">
         <name>.reset</name>
         <load_address>0xfffe</load_address>
         <run_address>0xfffe</run_address>
         <size>0x2</size>
         <input_file_ref idref="fl-47"/>
      </object_component>
      <object_component id="oc-4bf">
         <name>.debug_info</name>
         <load_address>0x0</load_address>
         <run_address>0x0</run_address>
         <size>0x4a1</size>
         <input_file_ref idref="fl-2"/>
      </object_component>
      <object_component id="oc-5b4">
         <name>.debug_info</name>
         <load_address>0x4a1</load_address>
         <run_address>0x4a1</run_address>
         <size>0xbb</size>
         <input_file_ref idref="fl-2"/>
      </object_component>
      <object_component id="oc-5b1">
         <name>.debug_info</name>
         <load_address>0x55c</load_address>
         <run_address>0x55c</run_address>
         <size>0xc7</size>
         <input_file_ref idref="fl-2"/>
      </object_component>
      <object_component id="oc-538">
         <name>.debug_info</name>
         <load_address>0x623</load_address>
         <run_address>0x623</run_address>
         <size>0xbe</size>
         <input_file_ref idref="fl-2"/>
      </object_component>
      <object_component id="oc-587">
         <name>.debug_info</name>
         <load_address>0x6e1</load_address>
         <run_address>0x6e1</run_address>
         <size>0xbe</size>
         <input_file_ref idref="fl-2"/>
      </object_component>
      <object_component id="oc-449">
         <name>.debug_info</name>
         <load_address>0x79f</load_address>
         <run_address>0x79f</run_address>
         <size>0x14d</size>
         <input_file_ref idref="fl-2"/>
      </object_component>
      <object_component id="oc-426">
         <name>.debug_info</name>
         <load_address>0x8ec</load_address>
         <run_address>0x8ec</run_address>
         <size>0x261</size>
         <input_file_ref idref="fl-2"/>
      </object_component>
      <object_component id="oc-408">
         <name>.debug_info</name>
         <load_address>0xb4d</load_address>
         <run_address>0xb4d</run_address>
         <size>0x1ec</size>
         <input_file_ref idref="fl-2"/>
      </object_component>
      <object_component id="oc-420">
         <name>.debug_info</name>
         <load_address>0xd39</load_address>
         <run_address>0xd39</run_address>
         <size>0xf1</size>
         <input_file_ref idref="fl-2"/>
      </object_component>
      <object_component id="oc-3ef">
         <name>.debug_info</name>
         <load_address>0xe2a</load_address>
         <run_address>0xe2a</run_address>
         <size>0x28b</size>
         <input_file_ref idref="fl-2"/>
      </object_component>
      <object_component id="oc-4a9">
         <name>.debug_info</name>
         <load_address>0x10b5</load_address>
         <run_address>0x10b5</run_address>
         <size>0x26b</size>
         <input_file_ref idref="fl-2"/>
      </object_component>
      <object_component id="oc-49f">
         <name>.debug_info</name>
         <load_address>0x1320</load_address>
         <run_address>0x1320</run_address>
         <size>0xee</size>
         <input_file_ref idref="fl-2"/>
      </object_component>
      <object_component id="oc-571">
         <name>.debug_info</name>
         <load_address>0x140e</load_address>
         <run_address>0x140e</run_address>
         <size>0x9e</size>
         <input_file_ref idref="fl-2"/>
      </object_component>
      <object_component id="oc-4a4">
         <name>.debug_info</name>
         <load_address>0x14ac</load_address>
         <run_address>0x14ac</run_address>
         <size>0x392</size>
         <input_file_ref idref="fl-2"/>
      </object_component>
      <object_component id="oc-3a6">
         <name>.debug_info</name>
         <load_address>0x183e</load_address>
         <run_address>0x183e</run_address>
         <size>0x8b</size>
         <input_file_ref idref="fl-2"/>
      </object_component>
      <object_component id="oc-3bd">
         <name>.debug_info</name>
         <load_address>0x18c9</load_address>
         <run_address>0x18c9</run_address>
         <size>0x275</size>
         <input_file_ref idref="fl-2"/>
      </object_component>
      <object_component id="oc-341">
         <name>.debug_info</name>
         <load_address>0x1b3e</load_address>
         <run_address>0x1b3e</run_address>
         <size>0xbb</size>
         <input_file_ref idref="fl-2"/>
      </object_component>
      <object_component id="oc-58c">
         <name>.debug_info</name>
         <load_address>0x1bf9</load_address>
         <run_address>0x1bf9</run_address>
         <size>0x2c</size>
         <input_file_ref idref="fl-2"/>
      </object_component>
      <object_component id="oc-3ab">
         <name>.debug_info</name>
         <load_address>0x1c25</load_address>
         <run_address>0x1c25</run_address>
         <size>0xe0b</size>
         <input_file_ref idref="fl-3"/>
      </object_component>
      <object_component id="oc-301">
         <name>.debug_info</name>
         <load_address>0x2a30</load_address>
         <run_address>0x2a30</run_address>
         <size>0x1d2</size>
         <input_file_ref idref="fl-3"/>
      </object_component>
      <object_component id="oc-516">
         <name>.debug_info</name>
         <load_address>0x2c02</load_address>
         <run_address>0x2c02</run_address>
         <size>0xbc</size>
         <input_file_ref idref="fl-3"/>
      </object_component>
      <object_component id="oc-3d1">
         <name>.debug_info</name>
         <load_address>0x2cbe</load_address>
         <run_address>0x2cbe</run_address>
         <size>0x3bc</size>
         <input_file_ref idref="fl-3"/>
      </object_component>
      <object_component id="oc-3d7">
         <name>.debug_info</name>
         <load_address>0x307a</load_address>
         <run_address>0x307a</run_address>
         <size>0x13b</size>
         <input_file_ref idref="fl-3"/>
      </object_component>
      <object_component id="oc-3dd">
         <name>.debug_info</name>
         <load_address>0x31b5</load_address>
         <run_address>0x31b5</run_address>
         <size>0x1a6</size>
         <input_file_ref idref="fl-3"/>
      </object_component>
      <object_component id="oc-3e3">
         <name>.debug_info</name>
         <load_address>0x335b</load_address>
         <run_address>0x335b</run_address>
         <size>0x1a0</size>
         <input_file_ref idref="fl-3"/>
      </object_component>
      <object_component id="oc-3e9">
         <name>.debug_info</name>
         <load_address>0x34fb</load_address>
         <run_address>0x34fb</run_address>
         <size>0x1e8</size>
         <input_file_ref idref="fl-3"/>
      </object_component>
      <object_component id="oc-3f5">
         <name>.debug_info</name>
         <load_address>0x36e3</load_address>
         <run_address>0x36e3</run_address>
         <size>0x110</size>
         <input_file_ref idref="fl-3"/>
      </object_component>
      <object_component id="oc-3fb">
         <name>.debug_info</name>
         <load_address>0x37f3</load_address>
         <run_address>0x37f3</run_address>
         <size>0x229</size>
         <input_file_ref idref="fl-3"/>
      </object_component>
      <object_component id="oc-380">
         <name>.debug_info</name>
         <load_address>0x3a1c</load_address>
         <run_address>0x3a1c</run_address>
         <size>0x726</size>
         <input_file_ref idref="fl-3"/>
      </object_component>
      <object_component id="oc-29c">
         <name>.debug_info</name>
         <load_address>0x4142</load_address>
         <run_address>0x4142</run_address>
         <size>0x126</size>
         <input_file_ref idref="fl-3"/>
      </object_component>
      <object_component id="oc-2a2">
         <name>.debug_info</name>
         <load_address>0x4268</load_address>
         <run_address>0x4268</run_address>
         <size>0x245</size>
         <input_file_ref idref="fl-3"/>
      </object_component>
      <object_component id="oc-2ae">
         <name>.debug_info</name>
         <load_address>0x44ad</load_address>
         <run_address>0x44ad</run_address>
         <size>0x192</size>
         <input_file_ref idref="fl-3"/>
      </object_component>
      <object_component id="oc-2a8">
         <name>.debug_info</name>
         <load_address>0x463f</load_address>
         <run_address>0x463f</run_address>
         <size>0x150</size>
         <input_file_ref idref="fl-3"/>
      </object_component>
      <object_component id="oc-4ae">
         <name>.debug_info</name>
         <load_address>0x478f</load_address>
         <run_address>0x478f</run_address>
         <size>0x110</size>
         <input_file_ref idref="fl-3"/>
      </object_component>
      <object_component id="oc-4f0">
         <name>.debug_info</name>
         <load_address>0x489f</load_address>
         <run_address>0x489f</run_address>
         <size>0x22a</size>
         <input_file_ref idref="fl-4"/>
      </object_component>
      <object_component id="oc-4e4">
         <name>.debug_info</name>
         <load_address>0x4ac9</load_address>
         <run_address>0x4ac9</run_address>
         <size>0x2a7</size>
         <input_file_ref idref="fl-4"/>
      </object_component>
      <object_component id="oc-353">
         <name>.debug_info</name>
         <load_address>0x4d70</load_address>
         <run_address>0x4d70</run_address>
         <size>0x185</size>
         <input_file_ref idref="fl-4"/>
      </object_component>
      <object_component id="oc-347">
         <name>.debug_info</name>
         <load_address>0x4ef5</load_address>
         <run_address>0x4ef5</run_address>
         <size>0x1eb</size>
         <input_file_ref idref="fl-4"/>
      </object_component>
      <object_component id="oc-4fc">
         <name>.debug_info</name>
         <load_address>0x50e0</load_address>
         <run_address>0x50e0</run_address>
         <size>0x1d1</size>
         <input_file_ref idref="fl-4"/>
      </object_component>
      <object_component id="oc-4ea">
         <name>.debug_info</name>
         <load_address>0x52b1</load_address>
         <run_address>0x52b1</run_address>
         <size>0x179</size>
         <input_file_ref idref="fl-4"/>
      </object_component>
      <object_component id="oc-4f6">
         <name>.debug_info</name>
         <load_address>0x542a</load_address>
         <run_address>0x542a</run_address>
         <size>0x309</size>
         <input_file_ref idref="fl-4"/>
      </object_component>
      <object_component id="oc-34d">
         <name>.debug_info</name>
         <load_address>0x5733</load_address>
         <run_address>0x5733</run_address>
         <size>0x1df</size>
         <input_file_ref idref="fl-4"/>
      </object_component>
      <object_component id="oc-285">
         <name>.debug_info</name>
         <load_address>0x5912</load_address>
         <run_address>0x5912</run_address>
         <size>0x84</size>
         <input_file_ref idref="fl-5"/>
      </object_component>
      <object_component id="oc-60e">
         <name>.debug_info</name>
         <load_address>0x5996</load_address>
         <run_address>0x5996</run_address>
         <size>0xf9</size>
         <input_file_ref idref="fl-6"/>
      </object_component>
      <object_component id="oc-511">
         <name>.debug_info</name>
         <load_address>0x5a8f</load_address>
         <run_address>0x5a8f</run_address>
         <size>0x15c</size>
         <input_file_ref idref="fl-6"/>
      </object_component>
      <object_component id="oc-503">
         <name>.debug_info</name>
         <load_address>0x5beb</load_address>
         <run_address>0x5beb</run_address>
         <size>0x1b5</size>
         <input_file_ref idref="fl-6"/>
      </object_component>
      <object_component id="oc-509">
         <name>.debug_info</name>
         <load_address>0x5da0</load_address>
         <run_address>0x5da0</run_address>
         <size>0x252</size>
         <input_file_ref idref="fl-6"/>
      </object_component>
      <object_component id="oc-618">
         <name>.debug_info</name>
         <load_address>0x5ff2</load_address>
         <run_address>0x5ff2</run_address>
         <size>0x155</size>
         <input_file_ref idref="fl-9"/>
      </object_component>
      <object_component id="oc-36c">
         <name>.debug_info</name>
         <load_address>0x6147</load_address>
         <run_address>0x6147</run_address>
         <size>0x1f4</size>
         <input_file_ref idref="fl-9"/>
      </object_component>
      <object_component id="oc-366">
         <name>.debug_info</name>
         <load_address>0x633b</load_address>
         <run_address>0x633b</run_address>
         <size>0x1b4</size>
         <input_file_ref idref="fl-9"/>
      </object_component>
      <object_component id="oc-51f">
         <name>.debug_info</name>
         <load_address>0x64ef</load_address>
         <run_address>0x64ef</run_address>
         <size>0x1e1</size>
         <input_file_ref idref="fl-9"/>
      </object_component>
      <object_component id="oc-35a">
         <name>.debug_info</name>
         <load_address>0x66d0</load_address>
         <run_address>0x66d0</run_address>
         <size>0x1e4</size>
         <input_file_ref idref="fl-9"/>
      </object_component>
      <object_component id="oc-52b">
         <name>.debug_info</name>
         <load_address>0x68b4</load_address>
         <run_address>0x68b4</run_address>
         <size>0x1f1</size>
         <input_file_ref idref="fl-9"/>
      </object_component>
      <object_component id="oc-525">
         <name>.debug_info</name>
         <load_address>0x6aa5</load_address>
         <run_address>0x6aa5</run_address>
         <size>0x1a6</size>
         <input_file_ref idref="fl-9"/>
      </object_component>
      <object_component id="oc-360">
         <name>.debug_info</name>
         <load_address>0x6c4b</load_address>
         <run_address>0x6c4b</run_address>
         <size>0x1d8</size>
         <input_file_ref idref="fl-9"/>
      </object_component>
      <object_component id="oc-49c">
         <name>.debug_info</name>
         <load_address>0x6e23</load_address>
         <run_address>0x6e23</run_address>
         <size>0x15a</size>
         <input_file_ref idref="fl-d"/>
      </object_component>
      <object_component id="oc-3a1">
         <name>.debug_info</name>
         <load_address>0x6f7d</load_address>
         <run_address>0x6f7d</run_address>
         <size>0xed</size>
         <input_file_ref idref="fl-d"/>
      </object_component>
      <object_component id="oc-432">
         <name>.debug_info</name>
         <load_address>0x706a</load_address>
         <run_address>0x706a</run_address>
         <size>0x1fc</size>
         <input_file_ref idref="fl-d"/>
      </object_component>
      <object_component id="oc-438">
         <name>.debug_info</name>
         <load_address>0x7266</load_address>
         <run_address>0x7266</run_address>
         <size>0x1fe</size>
         <input_file_ref idref="fl-d"/>
      </object_component>
      <object_component id="oc-4d1">
         <name>.debug_info</name>
         <load_address>0x7464</load_address>
         <run_address>0x7464</run_address>
         <size>0x245</size>
         <input_file_ref idref="fl-d"/>
      </object_component>
      <object_component id="oc-4de">
         <name>.debug_info</name>
         <load_address>0x76a9</load_address>
         <run_address>0x76a9</run_address>
         <size>0x244</size>
         <input_file_ref idref="fl-d"/>
      </object_component>
      <object_component id="oc-441">
         <name>.debug_info</name>
         <load_address>0x78ed</load_address>
         <run_address>0x78ed</run_address>
         <size>0x1f3</size>
         <input_file_ref idref="fl-d"/>
      </object_component>
      <object_component id="oc-4c3">
         <name>.debug_info</name>
         <load_address>0x7ae0</load_address>
         <run_address>0x7ae0</run_address>
         <size>0x218</size>
         <input_file_ref idref="fl-d"/>
      </object_component>
      <object_component id="oc-455">
         <name>.debug_info</name>
         <load_address>0x7cf8</load_address>
         <run_address>0x7cf8</run_address>
         <size>0x21c</size>
         <input_file_ref idref="fl-d"/>
      </object_component>
      <object_component id="oc-4ca">
         <name>.debug_info</name>
         <load_address>0x7f14</load_address>
         <run_address>0x7f14</run_address>
         <size>0x1f1</size>
         <input_file_ref idref="fl-d"/>
      </object_component>
      <object_component id="oc-32f">
         <name>.debug_info</name>
         <load_address>0x8105</load_address>
         <run_address>0x8105</run_address>
         <size>0x23a</size>
         <input_file_ref idref="fl-d"/>
      </object_component>
      <object_component id="oc-2fb">
         <name>.debug_info</name>
         <load_address>0x833f</load_address>
         <run_address>0x833f</run_address>
         <size>0x202</size>
         <input_file_ref idref="fl-d"/>
      </object_component>
      <object_component id="oc-311">
         <name>.debug_info</name>
         <load_address>0x8541</load_address>
         <run_address>0x8541</run_address>
         <size>0x1fe</size>
         <input_file_ref idref="fl-d"/>
      </object_component>
      <object_component id="oc-33b">
         <name>.debug_info</name>
         <load_address>0x873f</load_address>
         <run_address>0x873f</run_address>
         <size>0x1f8</size>
         <input_file_ref idref="fl-d"/>
      </object_component>
      <object_component id="oc-30b">
         <name>.debug_info</name>
         <load_address>0x8937</load_address>
         <run_address>0x8937</run_address>
         <size>0x1fa</size>
         <input_file_ref idref="fl-d"/>
      </object_component>
      <object_component id="oc-304">
         <name>.debug_info</name>
         <load_address>0x8b31</load_address>
         <run_address>0x8b31</run_address>
         <size>0x1f6</size>
         <input_file_ref idref="fl-d"/>
      </object_component>
      <object_component id="oc-62a">
         <name>.debug_info</name>
         <load_address>0x8d27</load_address>
         <run_address>0x8d27</run_address>
         <size>0x153</size>
         <input_file_ref idref="fl-f"/>
      </object_component>
      <object_component id="oc-547">
         <name>.debug_info</name>
         <load_address>0x8e7a</load_address>
         <run_address>0x8e7a</run_address>
         <size>0x1c1</size>
         <input_file_ref idref="fl-f"/>
      </object_component>
      <object_component id="oc-541">
         <name>.debug_info</name>
         <load_address>0x903b</load_address>
         <run_address>0x903b</run_address>
         <size>0x1c7</size>
         <input_file_ref idref="fl-f"/>
      </object_component>
      <object_component id="oc-621">
         <name>.debug_info</name>
         <load_address>0x9202</load_address>
         <run_address>0x9202</run_address>
         <size>0x1d2</size>
         <input_file_ref idref="fl-f"/>
      </object_component>
      <object_component id="oc-532">
         <name>.debug_info</name>
         <load_address>0x93d4</load_address>
         <run_address>0x93d4</run_address>
         <size>0x31a</size>
         <input_file_ref idref="fl-f"/>
      </object_component>
      <object_component id="oc-55f">
         <name>.debug_info</name>
         <load_address>0x96ee</load_address>
         <run_address>0x96ee</run_address>
         <size>0x215</size>
         <input_file_ref idref="fl-f"/>
      </object_component>
      <object_component id="oc-553">
         <name>.debug_info</name>
         <load_address>0x9903</load_address>
         <run_address>0x9903</run_address>
         <size>0x1bb</size>
         <input_file_ref idref="fl-f"/>
      </object_component>
      <object_component id="oc-565">
         <name>.debug_info</name>
         <load_address>0x9abe</load_address>
         <run_address>0x9abe</run_address>
         <size>0x1e3</size>
         <input_file_ref idref="fl-f"/>
      </object_component>
      <object_component id="oc-56b">
         <name>.debug_info</name>
         <load_address>0x9ca1</load_address>
         <run_address>0x9ca1</run_address>
         <size>0x17b</size>
         <input_file_ref idref="fl-f"/>
      </object_component>
      <object_component id="oc-53b">
         <name>.debug_info</name>
         <load_address>0x9e1c</load_address>
         <run_address>0x9e1c</run_address>
         <size>0x1b9</size>
         <input_file_ref idref="fl-f"/>
      </object_component>
      <object_component id="oc-54d">
         <name>.debug_info</name>
         <load_address>0x9fd5</load_address>
         <run_address>0x9fd5</run_address>
         <size>0x197</size>
         <input_file_ref idref="fl-f"/>
      </object_component>
      <object_component id="oc-559">
         <name>.debug_info</name>
         <load_address>0xa16c</load_address>
         <run_address>0xa16c</run_address>
         <size>0x193</size>
         <input_file_ref idref="fl-f"/>
      </object_component>
      <object_component id="oc-401">
         <name>.debug_info</name>
         <load_address>0xa2ff</load_address>
         <run_address>0xa2ff</run_address>
         <size>0x143</size>
         <input_file_ref idref="fl-11"/>
      </object_component>
      <object_component id="oc-601">
         <name>.debug_info</name>
         <load_address>0xa442</load_address>
         <run_address>0xa442</run_address>
         <size>0x16e</size>
         <input_file_ref idref="fl-17"/>
      </object_component>
      <object_component id="oc-317">
         <name>.debug_info</name>
         <load_address>0xa5b0</load_address>
         <run_address>0xa5b0</run_address>
         <size>0x18c</size>
         <input_file_ref idref="fl-17"/>
      </object_component>
      <object_component id="oc-335">
         <name>.debug_info</name>
         <load_address>0xa73c</load_address>
         <run_address>0xa73c</run_address>
         <size>0x1cf</size>
         <input_file_ref idref="fl-17"/>
      </object_component>
      <object_component id="oc-4d7">
         <name>.debug_info</name>
         <load_address>0xa90b</load_address>
         <run_address>0xa90b</run_address>
         <size>0x1bc</size>
         <input_file_ref idref="fl-17"/>
      </object_component>
      <object_component id="oc-578">
         <name>.debug_info</name>
         <load_address>0xaac7</load_address>
         <run_address>0xaac7</run_address>
         <size>0x1cb</size>
         <input_file_ref idref="fl-17"/>
      </object_component>
      <object_component id="oc-31d">
         <name>.debug_info</name>
         <load_address>0xac92</load_address>
         <run_address>0xac92</run_address>
         <size>0x1e3</size>
         <input_file_ref idref="fl-17"/>
      </object_component>
      <object_component id="oc-329">
         <name>.debug_info</name>
         <load_address>0xae75</load_address>
         <run_address>0xae75</run_address>
         <size>0x18b</size>
         <input_file_ref idref="fl-17"/>
      </object_component>
      <object_component id="oc-3cb">
         <name>.debug_info</name>
         <load_address>0xb000</load_address>
         <run_address>0xb000</run_address>
         <size>0x1a0</size>
         <input_file_ref idref="fl-1a"/>
      </object_component>
      <object_component id="oc-5a9">
         <name>.debug_info</name>
         <load_address>0xb1a0</load_address>
         <run_address>0xb1a0</run_address>
         <size>0x138</size>
         <input_file_ref idref="fl-35"/>
      </object_component>
      <object_component id="oc-651">
         <name>.debug_info</name>
         <load_address>0xb2d8</load_address>
         <run_address>0xb2d8</run_address>
         <size>0x124</size>
         <input_file_ref idref="fl-36"/>
      </object_component>
      <object_component id="oc-298">
         <name>.debug_info</name>
         <load_address>0xb3fc</load_address>
         <run_address>0xb3fc</run_address>
         <size>0x112</size>
         <input_file_ref idref="fl-43"/>
      </object_component>
      <object_component id="oc-608">
         <name>.debug_info</name>
         <load_address>0xb50e</load_address>
         <run_address>0xb50e</run_address>
         <size>0x123</size>
         <input_file_ref idref="fl-44"/>
      </object_component>
      <object_component id="oc-61c">
         <name>.debug_info</name>
         <load_address>0xb631</load_address>
         <run_address>0xb631</run_address>
         <size>0x123</size>
[...]
      </symbol>
      <symbol id="sm-4c5">
         <name>GPIO_selectInterruptEdge</name>
         <value>0xdf8a</value>
         <object_component_ref idref="oc-32e"/>
      </symbol>
      <symbol id="sm-4c6">
         <name>GPIO_setAsInputPinWithPullDownResistor</name>
         <value>0xdf24</value>
         <object_component_ref idref="oc-454"/>
      </symbol>
      <symbol id="sm-4c7">
         <name>GPIO_setAsInputPinWithPullUpResistor</name>
         <value>0xdf46</value>
         <object_component_ref idref="oc-4c2"/>
      </symbol>
      <symbol id="sm-4c8">
         <name>GPIO_getInterruptStatus</name>
         <value>0xde62</value>
         <object_component_ref idref="oc-2fa"/>
      </symbol>
      <symbol id="sm-4c9">
         <name>GPIO_enableInterrupt</name>
         <value>0xe07e</value>
         <object_component_ref idref="oc-33a"/>
      </symbol>
      <symbol id="sm-4ca">
         <name>GPIO_setAsOutputPin</name>
         <value>0xe038</value>
         <object_component_ref idref="oc-43f"/>
      </symbol>
      <symbol id="sm-4cb">
         <name>GPIO_setOutputLowOnPin</name>
         <value>0xe0aa</value>
         <object_component_ref idref="oc-431"/>
      </symbol>
      <symbol id="sm-4cc">
         <name>GPIO_setAsPeripheralModuleFunctionOutputPin</name>
         <value>0xdd16</value>
         <object_component_ref idref="oc-4d0"/>
      </symbol>
      <symbol id="sm-4cd">
         <name>GPIO_getInputPinValue</name>
         <value>0xe01e</value>
         <object_component_ref idref="oc-310"/>
      </symbol>
      <symbol id="sm-4ce">
         <name>GPIO_setAsPeripheralModuleFunctionInputPin</name>
         <value>0xdce2</value>
         <object_component_ref idref="oc-4dd"/>
      </symbol>
      <symbol id="sm-4cf">
         <name>GPIO_disableInterrupt</name>
         <value>0xe068</value>
         <object_component_ref idref="oc-30a"/>
      </symbol>
      <symbol id="sm-530">
         <name>LCD_E_clearAllMemory</name>
         <value>0xe23e</value>
         <object_component_ref idref="oc-558"/>
      </symbol>
      <symbol id="sm-531">
         <name>LCD_E_on</name>
         <value>0xe192</value>
         <object_component_ref idref="oc-56a"/>
      </symbol>
      <symbol id="sm-532">
         <name>LCD_E_setPinAsCOM</name>
         <value>0xd480</value>
         <object_component_ref idref="oc-55e"/>
      </symbol>
      <symbol id="sm-533">
         <name>LCD_E_setVLCDSource</name>
         <value>0xe150</value>
         <object_component_ref idref="oc-540"/>
      </symbol>
      <symbol id="sm-534">
         <name>LCD_E_selectDisplayMemory</name>
         <value>0xe1cc</value>
         <object_component_ref idref="oc-564"/>
      </symbol>
      <symbol id="sm-535">
         <name>LCD_E_setChargePumpFreq</name>
         <value>0xe19e</value>
         <object_component_ref idref="oc-552"/>
      </symbol>
      <symbol id="sm-536">
         <name>LCD_E_init</name>
         <value>0xde8a</value>
         <object_component_ref idref="oc-53a"/>
      </symbol>
      <symbol id="sm-537">
         <name>LCD_E_enableChargePump</name>
         <value>0xe21a</value>
         <object_component_ref idref="oc-54c"/>
      </symbol>
      <symbol id="sm-538">
         <name>LCD_E_setVLCDVoltage</name>
         <value>0xe1aa</value>
         <object_component_ref idref="oc-546"/>
      </symbol>
      <symbol id="sm-539">
         <name>LCD_E_setPinAsLCDFunctionEx</name>
         <value>0xd6c2</value>
         <object_component_ref idref="oc-531"/>
      </symbol>
      <symbol id="sm-543">
         <name>PMM_unlockLPM5</name>
         <value>0xe244</value>
         <object_component_ref idref="oc-400"/>
      </symbol>
      <symbol id="sm-57c">
         <name>Timer_A_outputPWM</name>
         <value>0xd9b2</value>
         <object_component_ref idref="oc-4d6"/>
      </symbol>
      <symbol id="sm-57d">
         <name>Timer_A_getCounterValue</name>
         <value>0xde38</value>
         <object_component_ref idref="oc-31c"/>
      </symbol>
      <symbol id="sm-57e">
         <name>Timer_A_initContinuousMode</name>
         <value>0xda44</value>
         <object_component_ref idref="oc-577"/>
      </symbol>
      <symbol id="sm-57f">
         <name>Timer_A_startCounter</name>
         <value>0xe1b6</value>
         <object_component_ref idref="oc-334"/>
      </symbol>
      <symbol id="sm-580">
         <name>Timer_A_stop</name>
         <value>0xe222</value>
         <object_component_ref idref="oc-316"/>
      </symbol>
      <symbol id="sm-581">
         <name>Timer_A_clear</name>
         <value>0xe24a</value>
         <object_component_ref idref="oc-328"/>
      </symbol>
      <symbol id="sm-58c">
         <name>WDT_A_hold</name>
         <value>0xe0c0</value>
         <object_component_ref idref="oc-3ca"/>
      </symbol>
      <symbol id="sm-598">
         <name>__mspabi_remi</name>
         <value>0xde0c</value>
         <object_component_ref idref="oc-5a6"/>
      </symbol>
      <symbol id="sm-599">
         <name>__mspabi_divi</name>
         <value>0xde0c</value>
         <object_component_ref idref="oc-5a6"/>
      </symbol>
      <symbol id="sm-5a3">
         <name>__mspabi_remu</name>
         <value>0xe0d6</value>
         <object_component_ref idref="oc-64e"/>
      </symbol>
      <symbol id="sm-5a4">
         <name>__mspabi_divu</name>
         <value>0xe0d6</value>
         <object_component_ref idref="oc-64e"/>
      </symbol>
      <symbol id="sm-5a9">
         <name>__TI_int45</name>
         <value>0xffe2</value>
         <object_component_ref idref="oc-70"/>
      </symbol>
      <symbol id="sm-5ac">
         <name>__TI_int49</name>
         <value>0xffea</value>
         <object_component_ref idref="oc-74"/>
      </symbol>
      <symbol id="sm-5af">
         <name>__TI_int51</name>
         <value>0xffee</value>
         <object_component_ref idref="oc-76"/>
      </symbol>
      <symbol id="sm-5b2">
         <name>__TI_int52</name>
         <value>0xfff0</value>
         <object_component_ref idref="oc-77"/>
      </symbol>
      <symbol id="sm-5b5">
         <name>__TI_int53</name>
         <value>0xfff2</value>
         <object_component_ref idref="oc-78"/>
      </symbol>
      <symbol id="sm-5b8">
         <name>__TI_int54</name>
         <value>0xfff4</value>
         <object_component_ref idref="oc-79"/>
      </symbol>
      <symbol id="sm-5bb">
         <name>__TI_int55</name>
         <value>0xfff6</value>
         <object_component_ref idref="oc-7a"/>
      </symbol>
      <symbol id="sm-5be">
         <name>__TI_int56</name>
         <value>0xfff8</value>
         <object_component_ref idref="oc-7b"/>
      </symbol>
      <symbol id="sm-5c1">
         <name>__TI_int57</name>
         <value>0xfffa</value>
         <object_component_ref idref="oc-7c"/>
      </symbol>
      <symbol id="sm-5c4">
         <name>__TI_int58</name>
         <value>0xfffc</value>
         <object_component_ref idref="oc-7d"/>
      </symbol>
      <symbol id="sm-5cc">
         <name>__TI_ISR_TRAP</name>
         <value>0xe22a</value>
         <object_component_ref idref="oc-296"/>
      </symbol>
      <symbol id="sm-5d5">
         <name>__mspabi_slli</name>
         <value>0xe1d6</value>
         <object_component_ref idref="oc-606"/>
      </symbol>
      <symbol id="sm-5de">
         <name>__mspabi_srli</name>
         <value>0xe1e0</value>
         <object_component_ref idref="oc-61b"/>
      </symbol>
      <symbol id="sm-5e8">
         <name>__mspabi_mpyl_sw</name>
         <value>0xdeda</value>
         <object_component_ref idref="oc-63f"/>
      </symbol>
      <symbol id="sm-5e9">
         <name>__mspabi_mpyl</name>
         <value>0xdeda</value>
         <object_component_ref idref="oc-63f"/>
      </symbol>
      <symbol id="sm-5f9">
         <name>_stack</name>
         <value>0x2760</value>
         <object_component_ref idref="oc-27b"/>
      </symbol>
      <symbol id="sm-5fa">
         <name>_c_int00_noargs</name>
         <value>0xdfe8</value>
         <object_component_ref idref="oc-2c5"/>
      </symbol>
      <symbol id="sm-5fb">
         <name>_reset_vector</name>
         <value>0xfffe</value>
         <object_component_ref idref="oc-27e"/>
      </symbol>
      <symbol id="sm-61d">
         <name>__TI_auto_init_nobinit_nopinit_hold_wdt</name>
         <value>0xd83c</value>
         <object_component_ref idref="oc-47f"/>
      </symbol>
      <symbol id="sm-62d">
         <name>__TI_zero_init_nomemset</name>
         <value>0xdb40</value>
         <object_component_ref idref="oc-2b3"/>
      </symbol>
      <symbol id="sm-638">
         <name>_system_pre_init</name>
         <value>0xe25c</value>
         <object_component_ref idref="oc-379"/>
      </symbol>
      <symbol id="sm-641">
         <name>_system_post_cinit</name>
         <value>0xe260</value>
         <object_component_ref idref="oc-5d4"/>
      </symbol>
      <symbol id="sm-652">
         <name>__TI_decompress_none</name>
         <value>0xdc38</value>
         <object_component_ref idref="oc-6a"/>
      </symbol>
      <symbol id="sm-673">
         <name>__TI_decompress_lzss</name>
         <value>0xcf74</value>
         <object_component_ref idref="oc-64"/>
      </symbol>
      <symbol id="sm-692">
         <name>__mspabi_cmpd</name>
         <value>0xd062</value>
         <object_component_ref idref="oc-42b"/>
      </symbol>
      <symbol id="sm-69f">
         <name>__mspabi_fixdi</name>
         <value>0xdeb2</value>
         <object_component_ref idref="oc-419"/>
      </symbol>
      <symbol id="sm-6ae">
         <name>__mspabi_fixdli</name>
         <value>0xd8a6</value>
         <object_component_ref idref="oc-59e"/>
      </symbol>
      <symbol id="sm-6b7">
         <name>__mspabi_fltud</name>
         <value>0xe250</value>
         <object_component_ref idref="oc-322"/>
      </symbol>
      <symbol id="sm-6cc">
         <name>__mspabi_fltuld</name>
         <value>0xd742</value>
         <object_component_ref idref="oc-3b2"/>
      </symbol>
      <symbol id="sm-6ed">
         <name>__mspabi_mpyd</name>
         <value>0xcc06</value>
         <object_component_ref idref="oc-413"/>
      </symbol>
      <symbol id="sm-6f7">
         <name>C$$EXIT</name>
         <value>0xe256</value>
         <object_component_ref idref="oc-45b"/>
      </symbol>
      <symbol id="sm-6f8">
         <name>abort</name>
         <value>0xe256</value>
         <object_component_ref idref="oc-45b"/>
      </symbol>
      <symbol id="sm-70d">
         <name>atoi</name>
         <value>0xd960</value>
         <object_component_ref idref="oc-44e"/>
      </symbol>
      <symbol id="sm-717">
         <name>_ctypes_</name>
         <value>0xc452</value>
         <object_component_ref idref="oc-5bc"/>
      </symbol>
      <symbol id="sm-725">
         <name>memcpy</name>
         <value>0xe162</value>
         <object_component_ref idref="oc-518"/>
      </symbol>
      <symbol id="sm-733">
         <name>memset</name>
         <value>0xe128</value>
         <object_component_ref idref="oc-40d"/>
      </symbol>
      <symbol id="sm-740">
         <name>strlen</name>
         <value>0xe184</value>
         <object_component_ref idref="oc-580"/>
      </symbol>
      <symbol id="sm-74b">
         <name>__memcpy_far</name>
         <value>0xda84</value>
         <object_component_ref idref="oc-28a"/>
      </symbol>
      <symbol id="sm-753">
         <name>__mspabi_slll_9</name>
         <value>0xdbd4</value>
         <object_component_ref idref="oc-4b3"/>
      </symbol>
      <symbol id="sm-754">
         <name>__mspabi_slll_8</name>
         <value>0xdbd8</value>
         <object_component_ref idref="oc-4b3"/>
      </symbol>
      <symbol id="sm-755">
         <name>__mspabi_slll_7</name>
         <value>0xdbdc</value>
         <object_component_ref idref="oc-4b3"/>
      </symbol>
      <symbol id="sm-756">
         <name>__mspabi_slll_6</name>
         <value>0xdbe0</value>
         <object_component_ref idref="oc-4b3"/>
      </symbol>
      <symbol id="sm-757">
         <name>__mspabi_slll_5</name>
         <value>0xdbe4</value>
         <object_component_ref idref="oc-4b3"/>
      </symbol>
      <symbol id="sm-758">
         <name>__mspabi_slll_4</name>
         <value>0xdbe8</value>
         <object_component_ref idref="oc-4b3"/>
      </symbol>
      <symbol id="sm-759">
         <name>__mspabi_slll_3</name>
         <value>0xdbec</value>
         <object_component_ref idref="oc-4b3"/>
      </symbol>
      <symbol id="sm-75a">
         <name>__mspabi_slll_2</name>
         <value>0xdbf0</value>
         <object_component_ref idref="oc-4b3"/>
      </symbol>
      <symbol id="sm-75b">
         <name>__mspabi_slll_1</name>
         <value>0xdbf4</value>
         <object_component_ref idref="oc-4b3"/>
      </symbol>
      <symbol id="sm-75c">
         <name>__mspabi_slll_15</name>
         <value>0xdbbc</value>
         <object_component_ref idref="oc-4b3"/>
      </symbol>
      <symbol id="sm-75d">
         <name>__mspabi_slll_14</name>
         <value>0xdbc0</value>
         <object_component_ref idref="oc-4b3"/>
      </symbol>
      <symbol id="sm-75e">
         <name>__mspabi_slll_13</name>
         <value>0xdbc4</value>
         <object_component_ref idref="oc-4b3"/>
      </symbol>
      <symbol id="sm-75f">
         <name>__mspabi_slll_12</name>
         <value>0xdbc8</value>
         <object_component_ref idref="oc-4b3"/>
      </symbol>
      <symbol id="sm-760">
         <name>__mspabi_slll_11</name>
         <value>0xdbcc</value>
         <object_component_ref idref="oc-4b3"/>
      </symbol>
      <symbol id="sm-761">
         <name>__mspabi_slll_10</name>
         <value>0xdbd0</value>
         <object_component_ref idref="oc-4b3"/>
      </symbol>
      <symbol id="sm-771">
         <name>__mspabi_srll_8</name>
         <value>0xdc16</value>
         <object_component_ref idref="oc-4b8"/>
      </symbol>
      <symbol id="sm-772">
         <name>__mspabi_srll_9</name>
         <value>0xdc12</value>
         <object_component_ref idref="oc-4b8"/>
      </symbol>
      <symbol id="sm-773">
         <name>__mspabi_srll_6</name>
         <value>0xdc1e</value>
         <object_component_ref idref="oc-4b8"/>
      </symbol>
      <symbol id="sm-774">
         <name>__mspabi_srll_7</name>
         <value>0xdc1a</value>
         <object_component_ref idref="oc-4b8"/>
      </symbol>
      <symbol id="sm-775">
         <name>__mspabi_srll_4</name>
         <value>0xdc26</value>
         <object_component_ref idref="oc-4b8"/>
      </symbol>
      <symbol id="sm-776">
         <name>__mspabi_srll_5</name>
         <value>0xdc22</value>
         <object_component_ref idref="oc-4b8"/>
      </symbol>
      <symbol id="sm-777">
         <name>__mspabi_srll_2</name>
         <value>0xdc2e</value>
         <object_component_ref idref="oc-4b8"/>
      </symbol>
      <symbol id="sm-778">
         <name>__mspabi_srll_3</name>
         <value>0xdc2a</value>
         <object_component_ref idref="oc-4b8"/>
      </symbol>
      <symbol id="sm-779">
         <name>__mspabi_srll_1</name>
         <value>0xdc32</value>
         <object_component_ref idref="oc-4b8"/>
      </symbol>
      <symbol id="sm-77a">
         <name>__mspabi_srll_15</name>
         <value>0xdbfa</value>
         <object_component_ref idref="oc-4b8"/>
      </symbol>
      <symbol id="sm-77b">
         <name>__mspabi_srll_14</name>
         <value>0xdbfe</value>
         <object_component_ref idref="oc-4b8"/>
      </symbol>
      <symbol id="sm-77c">
         <name>__mspabi_srll_13</name>
         <value>0xdc02</value>
         <object_component_ref idref="oc-4b8"/>
      </symbol>
      <symbol id="sm-77d">
         <name>__mspabi_srll_12</name>
         <value>0xdc06</value>
         <object_component_ref idref="oc-4b8"/>
      </symbol>
      <symbol id="sm-77e">
         <name>__mspabi_srll_11</name>
         <value>0xdc0a</value>
         <object_component_ref idref="oc-4b8"/>
      </symbol>
      <symbol id="sm-77f">
         <name>__mspabi_srll_10</name>
         <value>0xdc0e</value>
         <object_component_ref idref="oc-4b8"/>
      </symbol>
      <symbol id="sm-780">
         <name>__mspabi_srll</name>
         <value>0xe174</value>
         <object_component_ref idref="oc-648"/>
      </symbol>
      <symbol id="sm-78a">
         <name>__mspabi_mpyi_sw</name>
         <value>0xe13c</value>
         <object_component_ref idref="oc-5b7"/>
      </symbol>
      <symbol id="sm-78b">
         <name>__mspabi_mpyi</name>
         <value>0xe13c</value>
         <object_component_ref idref="oc-5b7"/>
      </symbol>
      <symbol id="sm-79d">
         <name>__TI_frcmpyd</name>
         <value>0xc986</value>
         <object_component_ref idref="oc-591"/>
      </symbol>
      <symbol id="sm-7a5">
         <name>__mspabi_sral_15</name>
         <value>0xdb7e</value>
         <object_component_ref idref="oc-63a"/>
      </symbol>
      <symbol id="sm-7a6">
         <name>__mspabi_sral_14</name>
         <value>0xdb82</value>
         <object_component_ref idref="oc-63a"/>
      </symbol>
      <symbol id="sm-7a7">
         <name>__mspabi_sral_13</name>
         <value>0xdb86</value>
         <object_component_ref idref="oc-63a"/>
      </symbol>
      <symbol id="sm-7a8">
         <name>__mspabi_sral_12</name>
         <value>0xdb8a</value>
         <object_component_ref idref="oc-63a"/>
      </symbol>
      <symbol id="sm-7a9">
         <name>__mspabi_sral_11</name>
         <value>0xdb8e</value>
         <object_component_ref idref="oc-63a"/>
      </symbol>
      <symbol id="sm-7aa">
         <name>__mspabi_sral_10</name>
         <value>0xdb92</value>
         <object_component_ref idref="oc-63a"/>
      </symbol>
      <symbol id="sm-7ab">
         <name>__mspabi_sral_8</name>
         <value>0xdb9a</value>
         <object_component_ref idref="oc-63a"/>
      </symbol>
      <symbol id="sm-7ac">
         <name>__mspabi_sral_9</name>
         <value>0xdb96</value>
         <object_component_ref idref="oc-63a"/>
      </symbol>
      <symbol id="sm-7ad">
         <name>__mspabi_sral_6</name>
         <value>0xdba2</value>
         <object_component_ref idref="oc-63a"/>
      </symbol>
      <symbol id="sm-7ae">
         <name>__mspabi_sral_7</name>
         <value>0xdb9e</value>
         <object_component_ref idref="oc-63a"/>
      </symbol>
      <symbol id="sm-7af">
         <name>__mspabi_sral_4</name>
         <value>0xdbaa</value>
         <object_component_ref idref="oc-63a"/>
      </symbol>
      <symbol id="sm-7b0">
         <name>__mspabi_sral_5</name>
         <value>0xdba6</value>
         <object_component_ref idref="oc-63a"/>
      </symbol>
      <symbol id="sm-7b1">
         <name>__mspabi_sral_2</name>
         <value>0xdbb2</value>
         <object_component_ref idref="oc-63a"/>
      </symbol>
      <symbol id="sm-7b2">
         <name>__mspabi_sral_3</name>
         <value>0xdbae</value>
         <object_component_ref idref="oc-63a"/>
      </symbol>
      <symbol id="sm-7b3">
         <name>__mspabi_sral_1</name>
         <value>0xdbb6</value>
         <object_component_ref idref="oc-63a"/>
      </symbol>
   </symbol_table>
   <title>Link successful</title>
</link_info>
